---
source: crates/gukhanmun-core/tests/snapshots.rs
expression: "common::tokens_to_snapshot_value(&tokens)"
---
[
  {
    "annotated": {
      "dictionary_hanja": null,
      "first_in_context": true,
      "from_dictionary": false,
      "from_source_gloss": false,
      "hanja": "學",
      "homophone": false,
      "reading": "학",
      "require_hangul": false,
      "require_hanja": false,
      "skip_annotation": false
    }
  }
]
