---
source: crates/gukhanmun-core/tests/snapshots.rs
expression: "common::tokens_to_snapshot_value(&tokens)"
---
[
  {
    "annotated": {
      "first_in_context": true,
      "from_dictionary": false,
      "hanja": "來日",
      "homophone": false,
      "reading": "래일",
      "require_hangul": false,
      "require_hanja": false,
      "skip_annotation": false
    }
  }
]
