---
source: crates/gukhanmun-core/tests/snapshots.rs
expression: "common::tokens_to_snapshot_value(&marked)"
---
[
  {
    "annotated": {
      "dictionary_hanja": "天地",
      "first_in_context": true,
      "from_dictionary": true,
      "from_source_gloss": false,
      "hanja": "天地",
      "homophone": true,
      "reading": "천지",
      "require_hangul": false,
      "require_hanja": false,
      "skip_annotation": false
    }
  }
]
